============================= test session starts =============================
platform win32 -- Python 3.10.6, pytest-8.3.4, pluggy-1.5.0 -- C:\Users\Ross Brown\AppData\Local\Programs\Python\Python310\python.exe
cachedir: .pytest_cache
rootdir: D:\GitHub\basketcase\basketcase
configfile: pytest.ini
plugins: anyio-3.7.1, asyncio-0.21.1, cov-4.1.0, mock-3.12.0
asyncio: mode=strict
collecting ... collected 1 item

tests/test_services.py::test_inflation_service PASSED

============================== 1 passed in 0.29s ==============================
